// Jest Snapshot v1, https://goo.gl/fbAQLP

exports[`render detail unordered list text correctly 1`] = `<View />`;
